// Jest Snapshot v1, https://goo.gl/fbAQLP

exports[`Test in <ModalCountries /> should match snapshot 1`] = `
<div
  aria-hidden="true"
/>
`;
