// Jest Snapshot v1, https://goo.gl/fbAQLP

exports[`Test in <GeneralCard /> should match snapshot 1`] = `
<div>
  <div
    class="MuiGrid-root MuiGrid-item css-13i4rnv-MuiGrid-root"
  >
    <div
      class="MuiPaper-root MuiPaper-elevation MuiPaper-rounded MuiPaper-elevation1 MuiCard-root css-nkszem-MuiPaper-root-MuiCard-root"
    >
      <a
        class="MuiButtonBase-root MuiCardActionArea-root css-y29lt3-MuiButtonBase-root-MuiCardActionArea-root"
        href="https://google.com"
        tabindex="0"
        target="_blank"
      >
        <div
          class="MuiBox-root css-79elbk"
        >
          <img
            alt="calcionapoli24.it"
            src="[object Object]"
            style="height: 185px; min-width: 100%;"
          />
          <div
            class="MuiChip-root MuiChip-filled MuiChip-sizeMedium MuiChip-colorDefault MuiChip-filledDefault css-c8zb3x-MuiChip-root"
          >
            <span
              class="MuiChip-label MuiChip-labelMedium css-6od3lo-MuiChip-label"
            >
              11/25/2022
            </span>
          </div>
        </div>
        <div
          class="MuiCardContent-root css-46bh2p-MuiCardContent-root"
        >
          <h6
            class="MuiTypography-root MuiTypography-subtitle1 css-10wpov9-MuiTypography-root"
            data-testid="card-title"
          >
            Omaggio Maradona a Fuorigrotta, c'Ã¨ anche Maradona junior | FOTO
          </h6>
          <p
            class="MuiTypography-root MuiTypography-body2 css-r40f8v-MuiTypography-root"
            data-testid="card-description"
          >
            Anche il figlio del Pibe presente stasera a Fuorigrotta
          </p>
          <div
            class="MuiBox-root css-3yoo1r"
          >
            <h6
              class="MuiTypography-root MuiTypography-subtitle2 css-1ij1w03-MuiTypography-root"
            >
              Categories:
            </h6>
            <div
              class="MuiChip-root MuiChip-filled MuiChip-sizeMedium MuiChip-colorDefault MuiChip-filledDefault css-s89mk0-MuiChip-root"
            >
              <span
                class="MuiChip-label MuiChip-labelMedium css-6od3lo-MuiChip-label"
              >
                sports
              </span>
            </div>
          </div>
          <div
            class="MuiBox-root css-1hprwxc"
          >
            <h6
              class="MuiTypography-root MuiTypography-subtitle2 css-1od5i09-MuiTypography-root"
            >
              Source:
            </h6>
            <p
              class="MuiTypography-root MuiTypography-body2 css-bssea4-MuiTypography-root"
            >
              calcionapoli24.it
            </p>
          </div>
        </div>
        <span
          class="MuiCardActionArea-focusHighlight css-1v2exvi-MuiCardActionArea-focusHighlight"
        />
        <span
          class="MuiTouchRipple-root css-8je8zh-MuiTouchRipple-root"
        />
      </a>
    </div>
  </div>
</div>
`;
