// Jest Snapshot v1, https://goo.gl/fbAQLP

exports[`Test in <HomePage /> should match snapshot 1`] = `
<div>
  <div
    class="MuiBox-root css-14hrs0g"
  >
    <h4
      class="MuiTypography-root MuiTypography-h4 css-1r4f7b3-MuiTypography-root"
    >
      Welcome.
    </h4>
    <div>
      <div
        class="MuiGrid-root css-87ggms-MuiGrid-root"
      >
        <div
          class="MuiBox-root css-1b9hrwo"
        >
          <p
            class="MuiTypography-root MuiTypography-body1 css-qscxtw-MuiTypography-root"
          >
            Top news from Argentina.
          </p>
        </div>
        <div
          class="MuiGrid-root MuiGrid-item MuiGrid-grid-xs-12 css-z7x17r-MuiGrid-root"
        >
          <div
            class="MuiGrid-root MuiGrid-container MuiGrid-spacing-xs-3 css-bzgqu1-MuiGrid-root"
            style="opacity: 1; webkit-transition: opacity 1500ms cubic-bezier(0.4, 0, 0.2, 1) 0ms; transition: opacity 1500ms cubic-bezier(0.4, 0, 0.2, 1) 0ms;"
          >
            <div
              class="MuiGrid-root MuiGrid-item css-13i4rnv-MuiGrid-root"
            >
              <div
                class="MuiPaper-root MuiPaper-elevation MuiPaper-rounded MuiPaper-elevation1 MuiCard-root css-nkszem-MuiPaper-root-MuiCard-root"
              >
                <a
                  class="MuiButtonBase-root MuiCardActionArea-root css-y29lt3-MuiButtonBase-root-MuiCardActionArea-root"
                  href="https://google.com"
                  tabindex="0"
                  target="_blank"
                >
                  <div
                    class="MuiBox-root css-79elbk"
                  >
                    <img
                      alt="calcionapoli24.it"
                      src="[object Object]"
                      style="height: 185px; min-width: 100%;"
                    />
                    <div
                      class="MuiChip-root MuiChip-filled MuiChip-sizeMedium MuiChip-colorDefault MuiChip-filledDefault css-c8zb3x-MuiChip-root"
                    >
                      <span
                        class="MuiChip-label MuiChip-labelMedium css-6od3lo-MuiChip-label"
                      >
                        11/25/2022
                      </span>
                    </div>
                  </div>
                  <div
                    class="MuiCardContent-root css-46bh2p-MuiCardContent-root"
                  >
                    <h6
                      class="MuiTypography-root MuiTypography-subtitle1 css-10wpov9-MuiTypography-root"
                      data-testid="card-title"
                    >
                      Omaggio Maradona a Fuorigrotta, c'Ã¨ anche Maradona junior | FOTO
                    </h6>
                    <p
                      class="MuiTypography-root MuiTypography-body2 css-r40f8v-MuiTypography-root"
                      data-testid="card-description"
                    >
                      Anche il figlio del Pibe presente stasera a Fuorigrotte
                    </p>
                    <div
                      class="MuiBox-root css-3yoo1r"
                    >
                      <h6
                        class="MuiTypography-root MuiTypography-subtitle2 css-1ij1w03-MuiTypography-root"
                      >
                        Categories:
                      </h6>
                      <div
                        class="MuiChip-root MuiChip-filled MuiChip-sizeMedium MuiChip-colorDefault MuiChip-filledDefault css-s89mk0-MuiChip-root"
                      >
                        <span
                          class="MuiChip-label MuiChip-labelMedium css-6od3lo-MuiChip-label"
                        >
                          tech
                        </span>
                      </div>
                    </div>
                    <div
                      class="MuiBox-root css-1hprwxc"
                    >
                      <h6
                        class="MuiTypography-root MuiTypography-subtitle2 css-1od5i09-MuiTypography-root"
                      >
                        Source:
                      </h6>
                      <p
                        class="MuiTypography-root MuiTypography-body2 css-bssea4-MuiTypography-root"
                      >
                        calcionapoli24.it
                      </p>
                    </div>
                  </div>
                  <span
                    class="MuiCardActionArea-focusHighlight css-1v2exvi-MuiCardActionArea-focusHighlight"
                  />
                  <span
                    class="MuiTouchRipple-root css-8je8zh-MuiTouchRipple-root"
                  />
                </a>
              </div>
            </div>
            <div
              class="MuiGrid-root MuiGrid-item css-13i4rnv-MuiGrid-root"
            >
              <div
                class="MuiPaper-root MuiPaper-elevation MuiPaper-rounded MuiPaper-elevation1 MuiCard-root css-nkszem-MuiPaper-root-MuiCard-root"
              >
                <a
                  class="MuiButtonBase-root MuiCardActionArea-root css-y29lt3-MuiButtonBase-root-MuiCardActionArea-root"
                  href="https://google.com"
                  tabindex="0"
                  target="_blank"
                >
                  <div
                    class="MuiBox-root css-79elbk"
                  >
                    <img
                      alt="calcionapoli24.it"
                      src="[object Object]"
                      style="height: 185px; min-width: 100%;"
                    />
                    <div
                      class="MuiChip-root MuiChip-filled MuiChip-sizeMedium MuiChip-colorDefault MuiChip-filledDefault css-c8zb3x-MuiChip-root"
                    >
                      <span
                        class="MuiChip-label MuiChip-labelMedium css-6od3lo-MuiChip-label"
                      >
                        11/25/2022
                      </span>
                    </div>
                  </div>
                  <div
                    class="MuiCardContent-root css-46bh2p-MuiCardContent-root"
                  >
                    <h6
                      class="MuiTypography-root MuiTypography-subtitle1 css-10wpov9-MuiTypography-root"
                      data-testid="card-title"
                    >
                      Title test
                    </h6>
                    <p
                      class="MuiTypography-root MuiTypography-body2 css-r40f8v-MuiTypography-root"
                      data-testid="card-description"
                    >
                      description test
                    </p>
                    <div
                      class="MuiBox-root css-3yoo1r"
                    >
                      <h6
                        class="MuiTypography-root MuiTypography-subtitle2 css-1ij1w03-MuiTypography-root"
                      >
                        Categories:
                      </h6>
                      <div
                        class="MuiChip-root MuiChip-filled MuiChip-sizeMedium MuiChip-colorDefault MuiChip-filledDefault css-s89mk0-MuiChip-root"
                      >
                        <span
                          class="MuiChip-label MuiChip-labelMedium css-6od3lo-MuiChip-label"
                        >
                          sports
                        </span>
                      </div>
                    </div>
                    <div
                      class="MuiBox-root css-1hprwxc"
                    >
                      <h6
                        class="MuiTypography-root MuiTypography-subtitle2 css-1od5i09-MuiTypography-root"
                      >
                        Source:
                      </h6>
                      <p
                        class="MuiTypography-root MuiTypography-body2 css-bssea4-MuiTypography-root"
                      >
                        calcionapoli24.it
                      </p>
                    </div>
                  </div>
                  <span
                    class="MuiCardActionArea-focusHighlight css-1v2exvi-MuiCardActionArea-focusHighlight"
                  />
                  <span
                    class="MuiTouchRipple-root css-8je8zh-MuiTouchRipple-root"
                  />
                </a>
              </div>
            </div>
          </div>
        </div>
      </div>
    </div>
  </div>
</div>
`;
