// Jest Snapshot v1, https://goo.gl/fbAQLP

exports[`Test in <Categori.test /> should match snapshot 1`] = `
<div>
  <div
    class="MuiChip-root MuiChip-filled MuiChip-sizeMedium MuiChip-colorDefault MuiChip-filledDefault css-1u2dp2a-MuiChip-root"
  >
    <span
      class="MuiChip-label MuiChip-labelMedium css-6od3lo-MuiChip-label"
    >
      general
    </span>
  </div>
</div>
`;
