// Jest Snapshot v1, https://goo.gl/fbAQLP

exports[`Test in <CustomStack /> should match snapshot 1`] = `
<div>
  <div
    class="css-1sa62bg-MuiStack-root"
  >
    <h2>
       Title example 
    </h2>
  </div>
</div>
`;
