// Jest Snapshot v1, https://goo.gl/fbAQLP

exports[`Test in <LoadingSkeleton /> should match snapshot 1`] = `
<div>
  <div
    class="MuiBox-root css-1dlcyqs"
  >
    <div
      class="MuiGrid-root css-ip5omw-MuiGrid-root"
    >
      <div
        class="MuiGrid-root MuiGrid-item MuiGrid-grid-xs-12 css-1xkf9b7-MuiGrid-root"
      >
        <div
          class="MuiGrid-root MuiGrid-container MuiGrid-spacing-xs-3 css-bzgqu1-MuiGrid-root"
        >
          <div
            class="MuiGrid-root MuiGrid-item css-13i4rnv-MuiGrid-root"
          >
            <div
              class="MuiPaper-root MuiPaper-elevation MuiPaper-rounded MuiPaper-elevation1 MuiCard-root css-1shyln9-MuiPaper-root-MuiCard-root"
              style="opacity: 1; webkit-transition: opacity 1500ms cubic-bezier(0.4, 0, 0.2, 1) 0ms; transition: opacity 1500ms cubic-bezier(0.4, 0, 0.2, 1) 0ms;"
            >
              <div
                class="MuiCardMedia-root css-16cvb1l-MuiCardMedia-root"
              >
                <span
                  class="MuiSkeleton-root MuiSkeleton-rectangular MuiSkeleton-wave css-1kcnzpi-MuiSkeleton-root"
                  style="width: 100%; height: 170px;"
                />
              </div>
              <div
                class="MuiCardContent-root css-46bh2p-MuiCardContent-root"
              >
                <span
                  class="MuiSkeleton-root MuiSkeleton-rounded MuiSkeleton-wave css-13amv01-MuiSkeleton-root"
                  style="width: 90%; height: 25px;"
                />
                <span
                  class="MuiSkeleton-root MuiSkeleton-text MuiSkeleton-wave css-4s3xnn-MuiSkeleton-root"
                  style="width: 100%; height: 18px;"
                />
                <span
                  class="MuiSkeleton-root MuiSkeleton-text MuiSkeleton-wave css-1etr2k8-MuiSkeleton-root"
                  style="width: 90%; height: 18px;"
                />
                <div
                  class="MuiBox-root css-1h0nyql"
                >
                  <span
                    class="MuiSkeleton-root MuiSkeleton-text MuiSkeleton-wave css-1etr2k8-MuiSkeleton-root"
                    style="width: 20%; height: 18px;"
                  />
                  <span
                    class="MuiSkeleton-root MuiSkeleton-text MuiSkeleton-wave css-1etr2k8-MuiSkeleton-root"
                    style="width: 40%; height: 18px;"
                  />
                </div>
              </div>
            </div>
          </div>
          <div
            class="MuiGrid-root MuiGrid-item css-13i4rnv-MuiGrid-root"
          >
            <div
              class="MuiPaper-root MuiPaper-elevation MuiPaper-rounded MuiPaper-elevation1 MuiCard-root css-1shyln9-MuiPaper-root-MuiCard-root"
              style="opacity: 1; webkit-transition: opacity 1500ms cubic-bezier(0.4, 0, 0.2, 1) 0ms; transition: opacity 1500ms cubic-bezier(0.4, 0, 0.2, 1) 0ms;"
            >
              <div
                class="MuiCardMedia-root css-16cvb1l-MuiCardMedia-root"
              >
                <span
                  class="MuiSkeleton-root MuiSkeleton-rectangular MuiSkeleton-wave css-1kcnzpi-MuiSkeleton-root"
                  style="width: 100%; height: 170px;"
                />
              </div>
              <div
                class="MuiCardContent-root css-46bh2p-MuiCardContent-root"
              >
                <span
                  class="MuiSkeleton-root MuiSkeleton-rounded MuiSkeleton-wave css-13amv01-MuiSkeleton-root"
                  style="width: 90%; height: 25px;"
                />
                <span
                  class="MuiSkeleton-root MuiSkeleton-text MuiSkeleton-wave css-4s3xnn-MuiSkeleton-root"
                  style="width: 100%; height: 18px;"
                />
                <span
                  class="MuiSkeleton-root MuiSkeleton-text MuiSkeleton-wave css-1etr2k8-MuiSkeleton-root"
                  style="width: 90%; height: 18px;"
                />
                <div
                  class="MuiBox-root css-1h0nyql"
                >
                  <span
                    class="MuiSkeleton-root MuiSkeleton-text MuiSkeleton-wave css-1etr2k8-MuiSkeleton-root"
                    style="width: 20%; height: 18px;"
                  />
                  <span
                    class="MuiSkeleton-root MuiSkeleton-text MuiSkeleton-wave css-1etr2k8-MuiSkeleton-root"
                    style="width: 40%; height: 18px;"
                  />
                </div>
              </div>
            </div>
          </div>
          <div
            class="MuiGrid-root MuiGrid-item css-13i4rnv-MuiGrid-root"
          >
            <div
              class="MuiPaper-root MuiPaper-elevation MuiPaper-rounded MuiPaper-elevation1 MuiCard-root css-1shyln9-MuiPaper-root-MuiCard-root"
              style="opacity: 1; webkit-transition: opacity 1500ms cubic-bezier(0.4, 0, 0.2, 1) 0ms; transition: opacity 1500ms cubic-bezier(0.4, 0, 0.2, 1) 0ms;"
            >
              <div
                class="MuiCardMedia-root css-16cvb1l-MuiCardMedia-root"
              >
                <span
                  class="MuiSkeleton-root MuiSkeleton-rectangular MuiSkeleton-wave css-1kcnzpi-MuiSkeleton-root"
                  style="width: 100%; height: 170px;"
                />
              </div>
              <div
                class="MuiCardContent-root css-46bh2p-MuiCardContent-root"
              >
                <span
                  class="MuiSkeleton-root MuiSkeleton-rounded MuiSkeleton-wave css-13amv01-MuiSkeleton-root"
                  style="width: 90%; height: 25px;"
                />
                <span
                  class="MuiSkeleton-root MuiSkeleton-text MuiSkeleton-wave css-4s3xnn-MuiSkeleton-root"
                  style="width: 100%; height: 18px;"
                />
                <span
                  class="MuiSkeleton-root MuiSkeleton-text MuiSkeleton-wave css-1etr2k8-MuiSkeleton-root"
                  style="width: 90%; height: 18px;"
                />
                <div
                  class="MuiBox-root css-1h0nyql"
                >
                  <span
                    class="MuiSkeleton-root MuiSkeleton-text MuiSkeleton-wave css-1etr2k8-MuiSkeleton-root"
                    style="width: 20%; height: 18px;"
                  />
                  <span
                    class="MuiSkeleton-root MuiSkeleton-text MuiSkeleton-wave css-1etr2k8-MuiSkeleton-root"
                    style="width: 40%; height: 18px;"
                  />
                </div>
              </div>
            </div>
          </div>
          <div
            class="MuiGrid-root MuiGrid-item css-13i4rnv-MuiGrid-root"
          >
            <div
              class="MuiPaper-root MuiPaper-elevation MuiPaper-rounded MuiPaper-elevation1 MuiCard-root css-1shyln9-MuiPaper-root-MuiCard-root"
              style="opacity: 1; webkit-transition: opacity 1500ms cubic-bezier(0.4, 0, 0.2, 1) 0ms; transition: opacity 1500ms cubic-bezier(0.4, 0, 0.2, 1) 0ms;"
            >
              <div
                class="MuiCardMedia-root css-16cvb1l-MuiCardMedia-root"
              >
                <span
                  class="MuiSkeleton-root MuiSkeleton-rectangular MuiSkeleton-wave css-1kcnzpi-MuiSkeleton-root"
                  style="width: 100%; height: 170px;"
                />
              </div>
              <div
                class="MuiCardContent-root css-46bh2p-MuiCardContent-root"
              >
                <span
                  class="MuiSkeleton-root MuiSkeleton-rounded MuiSkeleton-wave css-13amv01-MuiSkeleton-root"
                  style="width: 90%; height: 25px;"
                />
                <span
                  class="MuiSkeleton-root MuiSkeleton-text MuiSkeleton-wave css-4s3xnn-MuiSkeleton-root"
                  style="width: 100%; height: 18px;"
                />
                <span
                  class="MuiSkeleton-root MuiSkeleton-text MuiSkeleton-wave css-1etr2k8-MuiSkeleton-root"
                  style="width: 90%; height: 18px;"
                />
                <div
                  class="MuiBox-root css-1h0nyql"
                >
                  <span
                    class="MuiSkeleton-root MuiSkeleton-text MuiSkeleton-wave css-1etr2k8-MuiSkeleton-root"
                    style="width: 20%; height: 18px;"
                  />
                  <span
                    class="MuiSkeleton-root MuiSkeleton-text MuiSkeleton-wave css-1etr2k8-MuiSkeleton-root"
                    style="width: 40%; height: 18px;"
                  />
                </div>
              </div>
            </div>
          </div>
          <div
            class="MuiGrid-root MuiGrid-item css-13i4rnv-MuiGrid-root"
          >
            <div
              class="MuiPaper-root MuiPaper-elevation MuiPaper-rounded MuiPaper-elevation1 MuiCard-root css-1shyln9-MuiPaper-root-MuiCard-root"
              style="opacity: 1; webkit-transition: opacity 1500ms cubic-bezier(0.4, 0, 0.2, 1) 0ms; transition: opacity 1500ms cubic-bezier(0.4, 0, 0.2, 1) 0ms;"
            >
              <div
                class="MuiCardMedia-root css-16cvb1l-MuiCardMedia-root"
              >
                <span
                  class="MuiSkeleton-root MuiSkeleton-rectangular MuiSkeleton-wave css-1kcnzpi-MuiSkeleton-root"
                  style="width: 100%; height: 170px;"
                />
              </div>
              <div
                class="MuiCardContent-root css-46bh2p-MuiCardContent-root"
              >
                <span
                  class="MuiSkeleton-root MuiSkeleton-rounded MuiSkeleton-wave css-13amv01-MuiSkeleton-root"
                  style="width: 90%; height: 25px;"
                />
                <span
                  class="MuiSkeleton-root MuiSkeleton-text MuiSkeleton-wave css-4s3xnn-MuiSkeleton-root"
                  style="width: 100%; height: 18px;"
                />
                <span
                  class="MuiSkeleton-root MuiSkeleton-text MuiSkeleton-wave css-1etr2k8-MuiSkeleton-root"
                  style="width: 90%; height: 18px;"
                />
                <div
                  class="MuiBox-root css-1h0nyql"
                >
                  <span
                    class="MuiSkeleton-root MuiSkeleton-text MuiSkeleton-wave css-1etr2k8-MuiSkeleton-root"
                    style="width: 20%; height: 18px;"
                  />
                  <span
                    class="MuiSkeleton-root MuiSkeleton-text MuiSkeleton-wave css-1etr2k8-MuiSkeleton-root"
                    style="width: 40%; height: 18px;"
                  />
                </div>
              </div>
            </div>
          </div>
        </div>
      </div>
    </div>
  </div>
</div>
`;
