// Jest Snapshot v1, https://goo.gl/fbAQLP

exports[`Test in <RenderController /> should match snapshot 1`] = `
<div>
  <div>
    <span>
      test
    </span>
  </div>
</div>
`;
