// Jest Snapshot v1, https://goo.gl/fbAQLP

exports[`Test in <SortSelector /> should match snapshot 1`] = `
<div>
  <div
    class="MuiFormControl-root css-os7j8m-MuiFormControl-root"
  >
    <label
      class="MuiFormLabel-root MuiInputLabel-root MuiInputLabel-formControl MuiInputLabel-animated MuiInputLabel-shrink MuiInputLabel-sizeSmall MuiInputLabel-outlined MuiFormLabel-colorPrimary MuiFormLabel-filled MuiInputLabel-root MuiInputLabel-formControl MuiInputLabel-animated MuiInputLabel-shrink MuiInputLabel-sizeSmall MuiInputLabel-outlined css-1sumxir-MuiFormLabel-root-MuiInputLabel-root"
      data-shrink="true"
    >
      Sort by
    </label>
    <div
      class="MuiInputBase-root MuiOutlinedInput-root MuiInputBase-colorPrimary MuiInputBase-formControl MuiInputBase-sizeSmall  css-1lvwyej-MuiInputBase-root-MuiOutlinedInput-root-MuiSelect-root"
    >
      <div
        aria-expanded="false"
        aria-haspopup="listbox"
        class="MuiSelect-select MuiSelect-outlined MuiInputBase-input MuiOutlinedInput-input MuiInputBase-inputSizeSmall css-jedpe8-MuiSelect-select-MuiInputBase-input-MuiOutlinedInput-input"
        role="button"
        tabindex="0"
      >
        Most Recent
      </div>
      <input
        aria-hidden="true"
        class="MuiSelect-nativeInput css-yf8vq0-MuiSelect-nativeInput"
        tabindex="-1"
        value="Most Recent"
      />
      <svg
        aria-hidden="true"
        class="MuiSvgIcon-root MuiSvgIcon-fontSizeMedium MuiSelect-icon MuiSelect-iconOutlined css-hfutr2-MuiSvgIcon-root-MuiSelect-icon"
        data-testid="ArrowDropDownIcon"
        focusable="false"
        viewBox="0 0 24 24"
      >
        <path
          d="M7 10l5 5 5-5z"
        />
      </svg>
      <fieldset
        aria-hidden="true"
        class="MuiOutlinedInput-notchedOutline css-1d3z3hw-MuiOutlinedInput-notchedOutline"
      >
        <legend
          class="css-14lo706"
        >
          <span>
            Sort by
          </span>
        </legend>
      </fieldset>
    </div>
  </div>
</div>
`;
